t   k   v  TCount  
2 9 23 224

 7 2 2 2 2 2 2 2 2

  0  1  2  3  4  5  6
  7  8
  9  10
  11  12
  13  14
  15  16
  17  18
  19  20
  21  22

14
 6 8 9 12 13 16 18 19 21
 0 8 10 12 14 16 18 20 21
 4 7 9 11 14 15 18 20 22
 2 7 10 12 14 16 17 20 22
 4 8 10 12 13 16 17 19 21
 5 8 10 12 13 15 17 20 21
 3 8 10 11 14 16 17 20 22
 1 8 10 12 14 15 18 19 21
 6 7 10 11 14 15 17 20 22
 1 7 9 11 13 16 17 20 22
 2 8 9 11 13 15 18 19 21
 3 7 9 12 13 15 18 19 21
 5 7 9 11 14 16 18 19 22
 0 7 9 11 13 15 17 19 22
