program starting at temperature 0.2
random seed 1774646818
temperature decrement factor 0.9998
t   k   v  TCount  
2 4 11 45

 3 3 3 2

  0  1  2
  3  4  5
  6  7  8
  9  10

+++++++++++++++++++++++++++++++++++++++++++
-----------New Run----------------
current tabsize 988
 tcount-curcount 0
Covered = 45
successful annealing 
covered = 45
probtrue 0 probfalse 0
good moves 0 no moves 0
percent accept for first temp = -nan
final temp 0.2
CPU Time 0.000101
Total CPU Time 0.000101
-----------New Run----------------
current tabsize 498
 tcount-curcount 0
Covered = 45
successful annealing 
covered = 45
probtrue 0 probfalse 0
good moves 0 no moves 0
percent accept for first temp = -nan
final temp 0.2
CPU Time 0
Total CPU Time 0.000101
-----------New Run----------------
current tabsize 253
 tcount-curcount 0
Covered = 45
successful annealing 
covered = 45
probtrue 0 probfalse 0
good moves 0 no moves 0
percent accept for first temp = -nan
final temp 0.2
CPU Time 1.9e-05
Total CPU Time 0.00012
-----------New Run----------------
current tabsize 130
 tcount-curcount 0
Covered = 45
successful annealing 
covered = 45
probtrue 0 probfalse 0
good moves 0 no moves 0
percent accept for first temp = -nan
final temp 0.2
CPU Time 1.9e-05
Total CPU Time 0.000139
-----------New Run----------------
current tabsize 69
 tcount-curcount 0
Covered = 45
successful annealing 
covered = 45
probtrue 0 probfalse 0
good moves 0 no moves 0
percent accept for first temp = -nan
final temp 0.2
CPU Time 8e-06
Total CPU Time 0.000147
-----------New Run----------------
current tabsize 38
 tcount-curcount 0
Covered = 45
successful annealing 
covered = 45
probtrue 0 probfalse 0
good moves 0 no moves 0
percent accept for first temp = -nan
final temp 0.2
CPU Time 6e-06
Total CPU Time 0.000153
-----------New Run----------------
current tabsize 23
 tcount-curcount 4
Covered = 41
successful annealing 
covered = 45
probtrue 0 probfalse 5
good moves 40 no moves 0
percent accept for first temp = 0
final temp 0.2
CPU Time 1.4e-05
Total CPU Time 0.000167
-----------New Run----------------
current tabsize 15
 tcount-curcount 4
Covered = 41
successful annealing 
covered = 45
probtrue 0 probfalse 25
good moves 30 no moves 0
percent accept for first temp = 0
final temp 0.2
CPU Time 1.4e-05
Total CPU Time 0.000181
-----------New Run----------------
current tabsize 11
 tcount-curcount 2
Covered = 43
successful annealing 
covered = 45
probtrue 0 probfalse 31
good moves 12 no moves 0
percent accept for first temp = 0
final temp 0.2
CPU Time 3.1e-05
Total CPU Time 0.000212
-----------New Run----------------
current tabsize 9
 tcount-curcount 5
Covered = 40
successful annealing 
covered = 45
probtrue 0 probfalse 91
good moves 22 no moves 0
percent accept for first temp = 0
final temp 0.2
CPU Time 6.4e-05
Total CPU Time 0.000276
Total CPU Time 0.000276
